../Core/Src/main.c:46:6:printer	72	static
../Core/Src/main.c:53:6:AdjustmentPrinter	64	static
../Core/Src/main.c:60:6:NOTAdjustedPrinter	64	static
../Core/Src/main.c:69:6:AdjustHour	16	static
../Core/Src/main.c:91:6:AdjustMinute	16	static
../Core/Src/main.c:121:6:HAL_GPIO_EXTI_Callback	24	static
../Core/Src/main.c:257:5:main	48	static
../Core/Src/main.c:389:6:SystemClock_Config	96	static
../Core/Src/main.c:433:13:MX_I2C1_Init	8	static
../Core/Src/main.c:480:13:MX_TIM2_Init	40	static
../Core/Src/main.c:525:13:MX_USART2_UART_Init	8	static
../Core/Src/main.c:560:13:MX_GPIO_Init	48	static
../Core/Src/main.c:641:6:Error_Handler	4	static,ignoring_inline_asm
