../Core/Src/main.c:52:6:printer	16	static
../Core/Src/main.c:59:6:AdjustmentPrinter	8	static
../Core/Src/main.c:66:6:NOTAdjustedPrinter	8	static
../Core/Src/main.c:75:6:AdjustHour	16	static
../Core/Src/main.c:97:6:AdjustMinute	16	static
../Core/Src/main.c:127:6:HAL_GPIO_EXTI_Callback	24	static
../Core/Src/main.c:254:5:main	48	static
../Core/Src/main.c:386:6:SystemClock_Config	96	static
../Core/Src/main.c:426:13:MX_I2C1_Init	8	static
../Core/Src/main.c:459:13:MX_TIM2_Init	40	static
../Core/Src/main.c:494:13:MX_USART2_UART_Init	8	static
../Core/Src/main.c:516:13:MX_GPIO_Init	48	static
../Core/Src/main.c:577:6:Error_Handler	4	static,ignoring_inline_asm
