../Drivers/CMSIS/Include/core_cm4.h:1679:22:__NVIC_EnableIRQ	16	static,ignoring_inline_asm
../Core/Src/main.c:23:6:GPIO_Init	8	static
../Core/Src/main.c:50:6:EnterAdjustmentMode	4	static
../Core/Src/main.c:56:6:AdjustHour	4	static
../Core/Src/main.c:70:6:AdjustMinute	4	static
../Core/Src/main.c:85:6:updateClock	16	static
../Core/Src/main.c:110:6:printClockValue	8	static
../Core/Src/main.c:114:6:EXTI0_IRQHandler	8	static
../Core/Src/main.c:149:6:EXTI_Init	8	static
../Core/Src/main.c:168:5:main	8	static
../Core/Src/main.c:186:6:SystemClock_Config	96	static
../Core/Src/main.c:222:13:MX_TIM2_Init	40	static
../Core/Src/main.c:257:13:MX_USART2_UART_Init	8	static
../Core/Src/main.c:280:13:MX_GPIO_Init	48	static
../Core/Src/main.c:322:6:Error_Handler	4	static,ignoring_inline_asm
