../Drivers/CMSIS/Include/core_cm4.h:1679:22:__NVIC_EnableIRQ	16	static,ignoring_inline_asm
../Core/Src/main.c:31:6:SystemClock_Config	96	static
../Core/Src/main.c:66:5:main	8	static
../Core/Src/main.c:112:6:GPIO_Init	4	static
../Core/Src/main.c:122:6:EXTI_Init	8	static
../Core/Src/main.c:141:6:EXTI0_IRQHandler	16	static
../Core/Src/main.c:167:6:EXTI1_IRQHandler	8	static
../Core/Src/main.c:176:6:EXTI2_IRQHandler	8	static
../Core/Src/main.c:185:6:EnterAdjustmentMode	4	static
../Core/Src/main.c:191:6:AdjustHour	4	static
../Core/Src/main.c:206:6:AdjustMinute	4	static
../Core/Src/main.c:223:6:PrintClockValue	8	static
../Core/Src/main.c:231:13:MX_TIM2_Init	40	static
../Core/Src/main.c:262:13:MX_USART2_UART_Init	16	static
../Core/Src/main.c:286:13:MX_GPIO_Init	48	static
../Core/Src/main.c:349:6:Error_Handler	4	static,ignoring_inline_asm
