16:25:49 **** Incremental Build of configuration Debug for project button_debug ****
make -j8 all 
arm-none-eabi-gcc "../Core/Src/main.c" -mcpu=cortex-m4 -std=gnu11 -g3 -DDEBUG -DUSE_HAL_DRIVER -DSTM32L433xx -c -I../Core/Inc -I../Drivers/STM32L4xx_HAL_Driver/Inc -I../Drivers/STM32L4xx_HAL_Driver/Inc/Legacy -I../Drivers/CMSIS/Device/ST/STM32L4xx/Include -I../Drivers/CMSIS/Include -O0 -ffunction-sections -fdata-sections -Wall -fstack-usage -fcyclomatic-complexity -MMD -MP -MF"Core/Src/main.d" -MT"Core/Src/main.o" --specs=nano.specs -mfpu=fpv4-sp-d16 -mfloat-abi=hard -mthumb -o "Core/Src/main.o"
arm-none-eabi-gcc -o "button_debug.elf" @"objects.list"   -mcpu=cortex-m4 -T"C:\Users\ARGE-PC1\STM32CubeIDE\workspace_1.12.1\button_debug\STM32L433RCTXP_FLASH.ld" --specs=nosys.specs -Wl,-Map="button_debug.map" -Wl,--gc-sections -static --specs=nano.specs -mfpu=fpv4-sp-d16 -mfloat-abi=hard -mthumb -Wl,--start-group -lc -lm -Wl,--end-group
Finished building target: button_debug.elf
 
arm-none-eabi-size   button_debug.elf 
arm-none-eabi-objdump -h -S  button_debug.elf  > "button_debug.list"
   text	   data	    bss	    dec	    hex	filename
  13544	     20	   1780	  15344	   3bf0	button_debug.elf
Finished building: default.size.stdout
 
Finished building: button_debug.list
 

16:25:50 Build Finished. 0 errors, 0 warnings. (took 885ms)

