12:40:48 **** Incremental Build of configuration Debug for project clockprinterwithswitches ****
make -j8 all 
arm-none-eabi-gcc "../Core/Src/main.c" -mcpu=cortex-m4 -std=gnu11 -g3 -DDEBUG -DUSE_HAL_DRIVER -DSTM32L433xx -c -I../Core/Inc -I../Drivers/STM32L4xx_HAL_Driver/Inc -I../Drivers/STM32L4xx_HAL_Driver/Inc/Legacy -I../Drivers/CMSIS/Device/ST/STM32L4xx/Include -I../Drivers/CMSIS/Include -O0 -ffunction-sections -fdata-sections -Wall -fstack-usage -fcyclomatic-complexity -MMD -MP -MF"Core/Src/main.d" -MT"Core/Src/main.o" --specs=nano.specs -mfpu=fpv4-sp-d16 -mfloat-abi=hard -mthumb -o "Core/Src/main.o"
arm-none-eabi-gcc -o "clockprinterwithswitches.elf" @"objects.list"   -mcpu=cortex-m4 -T"C:\Users\ARGE-PC1\STM32CubeIDE\workspace_1.12.1\clockprinterwithswitches\STM32L433RCTXP_FLASH.ld" --specs=nosys.specs -Wl,-Map="clockprinterwithswitches.map" -Wl,--gc-sections -static --specs=nano.specs -mfpu=fpv4-sp-d16 -mfloat-abi=hard -mthumb -Wl,--start-group -lc -lm -Wl,--end-group
Finished building target: clockprinterwithswitches.elf
 
arm-none-eabi-size   clockprinterwithswitches.elf 
arm-none-eabi-objdump -h -S  clockprinterwithswitches.elf  > "clockprinterwithswitches.list"
   text	   data	    bss	    dec	    hex	filename
  16332	    120	   1976	  18428	   47fc	clockprinterwithswitches.elf
Finished building: default.size.stdout
 
Finished building: clockprinterwithswitches.list
 

12:40:49 Build Finished. 0 errors, 0 warnings. (took 829ms)

