15:39:25 **** Incremental Build of configuration Debug for project test_project ****
make -j8 all 
arm-none-eabi-gcc "../Core/Src/main.c" -mcpu=cortex-m4 -std=gnu11 -g3 -DDEBUG -DUSE_HAL_DRIVER -DSTM32L433xx -c -I../Core/Inc -I../Drivers/STM32L4xx_HAL_Driver/Inc -I../Drivers/STM32L4xx_HAL_Driver/Inc/Legacy -I../Drivers/CMSIS/Device/ST/STM32L4xx/Include -I../Drivers/CMSIS/Include -O0 -ffunction-sections -fdata-sections -Wall -fstack-usage -fcyclomatic-complexity -MMD -MP -MF"Core/Src/main.d" -MT"Core/Src/main.o" --specs=nano.specs -mfpu=fpv4-sp-d16 -mfloat-abi=hard -mthumb -o "Core/Src/main.o"
arm-none-eabi-gcc -o "test_project.elf" @"objects.list"   -mcpu=cortex-m4 -T"C:\Users\ARGE-PC1\STM32CubeIDE\workspace_1.12.1\test_project\STM32L433RCTXP_FLASH.ld" --specs=nosys.specs -Wl,-Map="test_project.map" -Wl,--gc-sections -static --specs=nano.specs -mfpu=fpv4-sp-d16 -mfloat-abi=hard -mthumb -Wl,--start-group -lc -lm -Wl,--end-group
Finished building target: test_project.elf
 
arm-none-eabi-size   test_project.elf 
arm-none-eabi-objdump -h -S  test_project.elf  > "test_project.list"
   text	   data	    bss	    dec	    hex	filename
  14224	     20	   1780	  16024	   3e98	test_project.elf
Finished building: default.size.stdout
 
Finished building: test_project.list
 
15:39:28 **** Incremental Build of configuration Debug for project test_project ****
make -j8 all 
arm-none-eabi-size   test_project.elf 
   text	   data	    bss	    dec	    hex	filename
  14224	     20	   1780	  16024	   3e98	test_project.elf
Finished building: default.size.stdout
 
15:42:05 **** Incremental Build of configuration Debug for project test_project ****
make -j8 all 
arm-none-eabi-size   test_project.elf 
   text	   data	    bss	    dec	    hex	filename
  14224	     20	   1780	  16024	   3e98	test_project.elf
Finished building: default.size.stdout
 
15:44:02 **** Incremental Build of configuration Debug for project test_project ****
make -j8 all 
arm-none-eabi-gcc "../Core/Src/main.c" -mcpu=cortex-m4 -std=gnu11 -g3 -DDEBUG -DUSE_HAL_DRIVER -DSTM32L433xx -c -I../Core/Inc -I../Drivers/STM32L4xx_HAL_Driver/Inc -I../Drivers/STM32L4xx_HAL_Driver/Inc/Legacy -I../Drivers/CMSIS/Device/ST/STM32L4xx/Include -I../Drivers/CMSIS/Include -O0 -ffunction-sections -fdata-sections -Wall -fstack-usage -fcyclomatic-complexity -MMD -MP -MF"Core/Src/main.d" -MT"Core/Src/main.o" --specs=nano.specs -mfpu=fpv4-sp-d16 -mfloat-abi=hard -mthumb -o "Core/Src/main.o"
arm-none-eabi-gcc -o "test_project.elf" @"objects.list"   -mcpu=cortex-m4 -T"C:\Users\ARGE-PC1\STM32CubeIDE\workspace_1.12.1\test_project\STM32L433RCTXP_FLASH.ld" --specs=nosys.specs -Wl,-Map="test_project.map" -Wl,--gc-sections -static --specs=nano.specs -mfpu=fpv4-sp-d16 -mfloat-abi=hard -mthumb -Wl,--start-group -lc -lm -Wl,--end-group
Finished building target: test_project.elf
 
arm-none-eabi-size   test_project.elf 
arm-none-eabi-objdump -h -S  test_project.elf  > "test_project.list"
   text	   data	    bss	    dec	    hex	filename
  14344	     20	   1780	  16144	   3f10	test_project.elf
Finished building: default.size.stdout
 
Finished building: test_project.list
 
15:45:24 **** Incremental Build of configuration Debug for project test_project ****
make -j8 all 
arm-none-eabi-size   test_project.elf 
   text	   data	    bss	    dec	    hex	filename
  14344	     20	   1780	  16144	   3f10	test_project.elf
Finished building: default.size.stdout
 
15:50:09 **** Incremental Build of configuration Debug for project test_project ****
make -j8 all 
arm-none-eabi-gcc "../Core/Src/main.c" -mcpu=cortex-m4 -std=gnu11 -g3 -DDEBUG -DUSE_HAL_DRIVER -DSTM32L433xx -c -I../Core/Inc -I../Drivers/STM32L4xx_HAL_Driver/Inc -I../Drivers/STM32L4xx_HAL_Driver/Inc/Legacy -I../Drivers/CMSIS/Device/ST/STM32L4xx/Include -I../Drivers/CMSIS/Include -O0 -ffunction-sections -fdata-sections -Wall -fstack-usage -fcyclomatic-complexity -MMD -MP -MF"Core/Src/main.d" -MT"Core/Src/main.o" --specs=nano.specs -mfpu=fpv4-sp-d16 -mfloat-abi=hard -mthumb -o "Core/Src/main.o"
arm-none-eabi-gcc -o "test_project.elf" @"objects.list"   -mcpu=cortex-m4 -T"C:\Users\ARGE-PC1\STM32CubeIDE\workspace_1.12.1\test_project\STM32L433RCTXP_FLASH.ld" --specs=nosys.specs -Wl,-Map="test_project.map" -Wl,--gc-sections -static --specs=nano.specs -mfpu=fpv4-sp-d16 -mfloat-abi=hard -mthumb -Wl,--start-group -lc -lm -Wl,--end-group
Finished building target: test_project.elf
 
arm-none-eabi-size   test_project.elf 
arm-none-eabi-objdump -h -S  test_project.elf  > "test_project.list"
   text	   data	    bss	    dec	    hex	filename
  14344	     20	   1780	  16144	   3f10	test_project.elf
Finished building: default.size.stdout
 
Finished building: test_project.list
 
15:53:15 **** Incremental Build of configuration Debug for project test_project ****
make -j8 all 
arm-none-eabi-gcc "../Core/Src/main.c" -mcpu=cortex-m4 -std=gnu11 -g3 -DDEBUG -DUSE_HAL_DRIVER -DSTM32L433xx -c -I../Core/Inc -I../Drivers/STM32L4xx_HAL_Driver/Inc -I../Drivers/STM32L4xx_HAL_Driver/Inc/Legacy -I../Drivers/CMSIS/Device/ST/STM32L4xx/Include -I../Drivers/CMSIS/Include -O0 -ffunction-sections -fdata-sections -Wall -fstack-usage -fcyclomatic-complexity -MMD -MP -MF"Core/Src/main.d" -MT"Core/Src/main.o" --specs=nano.specs -mfpu=fpv4-sp-d16 -mfloat-abi=hard -mthumb -o "Core/Src/main.o"
arm-none-eabi-gcc "../Core/Src/stm32l4xx_it.c" -mcpu=cortex-m4 -std=gnu11 -g3 -DDEBUG -DUSE_HAL_DRIVER -DSTM32L433xx -c -I../Core/Inc -I../Drivers/STM32L4xx_HAL_Driver/Inc -I../Drivers/STM32L4xx_HAL_Driver/Inc/Legacy -I../Drivers/CMSIS/Device/ST/STM32L4xx/Include -I../Drivers/CMSIS/Include -O0 -ffunction-sections -fdata-sections -Wall -fstack-usage -fcyclomatic-complexity -MMD -MP -MF"Core/Src/stm32l4xx_it.d" -MT"Core/Src/stm32l4xx_it.o" --specs=nano.specs -mfpu=fpv4-sp-d16 -mfloat-abi=hard -mthumb -o "Core/Src/stm32l4xx_it.o"
arm-none-eabi-gcc -o "test_project.elf" @"objects.list"   -mcpu=cortex-m4 -T"C:\Users\ARGE-PC1\STM32CubeIDE\workspace_1.12.1\test_project\STM32L433RCTXP_FLASH.ld" --specs=nosys.specs -Wl,-Map="test_project.map" -Wl,--gc-sections -static --specs=nano.specs -mfpu=fpv4-sp-d16 -mfloat-abi=hard -mthumb -Wl,--start-group -lc -lm -Wl,--end-group
c:\st\stm32cubeide_1.12.1\stm32cubeide\plugins\com.st.stm32cube.ide.mcu.externaltools.gnu-tools-for-stm32.10.3-2021.10.win32_1.0.200.202301161003\tools\arm-none-eabi\bin\ld.exe: ./Core/Src/stm32l4xx_it.o: in function `EXTI0_IRQHandler':
C:/Users/ARGE-PC1/STM32CubeIDE/workspace_1.12.1/test_project/Debug/../Core/Src/stm32l4xx_it.c:205: multiple definition of `EXTI0_IRQHandler'; ./Core/Src/main.o:C:/Users/ARGE-PC1/STM32CubeIDE/workspace_1.12.1/test_project/Debug/../Core/Src/main.c:312: first defined here
collect2.exe: error: ld returned 1 exit status
make: *** [makefile:64: test_project.elf] Error 1
"make -j8 all" terminated with exit code 2. Build might be incomplete.
15:53:49 **** Incremental Build of configuration Debug for project test_project ****
make -j8 all 
arm-none-eabi-gcc "../Core/Src/main.c" -mcpu=cortex-m4 -std=gnu11 -g3 -DDEBUG -DUSE_HAL_DRIVER -DSTM32L433xx -c -I../Core/Inc -I../Drivers/STM32L4xx_HAL_Driver/Inc -I../Drivers/STM32L4xx_HAL_Driver/Inc/Legacy -I../Drivers/CMSIS/Device/ST/STM32L4xx/Include -I../Drivers/CMSIS/Include -O0 -ffunction-sections -fdata-sections -Wall -fstack-usage -fcyclomatic-complexity -MMD -MP -MF"Core/Src/main.d" -MT"Core/Src/main.o" --specs=nano.specs -mfpu=fpv4-sp-d16 -mfloat-abi=hard -mthumb -o "Core/Src/main.o"
arm-none-eabi-gcc -o "test_project.elf" @"objects.list"   -mcpu=cortex-m4 -T"C:\Users\ARGE-PC1\STM32CubeIDE\workspace_1.12.1\test_project\STM32L433RCTXP_FLASH.ld" --specs=nosys.specs -Wl,-Map="test_project.map" -Wl,--gc-sections -static --specs=nano.specs -mfpu=fpv4-sp-d16 -mfloat-abi=hard -mthumb -Wl,--start-group -lc -lm -Wl,--end-group
c:\st\stm32cubeide_1.12.1\stm32cubeide\plugins\com.st.stm32cube.ide.mcu.externaltools.gnu-tools-for-stm32.10.3-2021.10.win32_1.0.200.202301161003\tools\arm-none-eabi\bin\ld.exe: ./Core/Src/stm32l4xx_it.o: in function `EXTI0_IRQHandler':
C:/Users/ARGE-PC1/STM32CubeIDE/workspace_1.12.1/test_project/Debug/../Core/Src/stm32l4xx_it.c:205: multiple definition of `EXTI0_IRQHandler'; ./Core/Src/main.o:C:/Users/ARGE-PC1/STM32CubeIDE/workspace_1.12.1/test_project/Debug/../Core/Src/main.c:314: first defined here
collect2.exe: error: ld returned 1 exit status
make: *** [makefile:64: test_project.elf] Error 1
"make -j8 all" terminated with exit code 2. Build might be incomplete.
15:54:38 **** Incremental Build of configuration Debug for project test_project ****
make -j8 all 
arm-none-eabi-gcc "../Core/Src/main.c" -mcpu=cortex-m4 -std=gnu11 -g3 -DDEBUG -DUSE_HAL_DRIVER -DSTM32L433xx -c -I../Core/Inc -I../Drivers/STM32L4xx_HAL_Driver/Inc -I../Drivers/STM32L4xx_HAL_Driver/Inc/Legacy -I../Drivers/CMSIS/Device/ST/STM32L4xx/Include -I../Drivers/CMSIS/Include -O0 -ffunction-sections -fdata-sections -Wall -fstack-usage -fcyclomatic-complexity -MMD -MP -MF"Core/Src/main.d" -MT"Core/Src/main.o" --specs=nano.specs -mfpu=fpv4-sp-d16 -mfloat-abi=hard -mthumb -o "Core/Src/main.o"
arm-none-eabi-gcc -o "test_project.elf" @"objects.list"   -mcpu=cortex-m4 -T"C:\Users\ARGE-PC1\STM32CubeIDE\workspace_1.12.1\test_project\STM32L433RCTXP_FLASH.ld" --specs=nosys.specs -Wl,-Map="test_project.map" -Wl,--gc-sections -static --specs=nano.specs -mfpu=fpv4-sp-d16 -mfloat-abi=hard -mthumb -Wl,--start-group -lc -lm -Wl,--end-group
Finished building target: test_project.elf
 
arm-none-eabi-size   test_project.elf 
arm-none-eabi-objdump -h -S  test_project.elf  > "test_project.list"
   text	   data	    bss	    dec	    hex	filename
  14212	     20	   1780	  16012	   3e8c	test_project.elf
Finished building: default.size.stdout
 
Finished building: test_project.list
 
15:58:34 **** Incremental Build of configuration Debug for project test_project ****
make -j8 all 
arm-none-eabi-size   test_project.elf 
   text	   data	    bss	    dec	    hex	filename
  14212	     20	   1780	  16012	   3e8c	test_project.elf
Finished building: default.size.stdout
 
16:00:06 **** Incremental Build of configuration Debug for project test_project ****
make -j8 all 
arm-none-eabi-gcc "../Core/Src/main.c" -mcpu=cortex-m4 -std=gnu11 -g3 -DDEBUG -DUSE_HAL_DRIVER -DSTM32L433xx -c -I../Core/Inc -I../Drivers/STM32L4xx_HAL_Driver/Inc -I../Drivers/STM32L4xx_HAL_Driver/Inc/Legacy -I../Drivers/CMSIS/Device/ST/STM32L4xx/Include -I../Drivers/CMSIS/Include -O0 -ffunction-sections -fdata-sections -Wall -fstack-usage -fcyclomatic-complexity -MMD -MP -MF"Core/Src/main.d" -MT"Core/Src/main.o" --specs=nano.specs -mfpu=fpv4-sp-d16 -mfloat-abi=hard -mthumb -o "Core/Src/main.o"
arm-none-eabi-gcc -o "test_project.elf" @"objects.list"   -mcpu=cortex-m4 -T"C:\Users\ARGE-PC1\STM32CubeIDE\workspace_1.12.1\test_project\STM32L433RCTXP_FLASH.ld" --specs=nosys.specs -Wl,-Map="test_project.map" -Wl,--gc-sections -static --specs=nano.specs -mfpu=fpv4-sp-d16 -mfloat-abi=hard -mthumb -Wl,--start-group -lc -lm -Wl,--end-group
Finished building target: test_project.elf
 
arm-none-eabi-size   test_project.elf 
arm-none-eabi-objdump -h -S  test_project.elf  > "test_project.list"
   text	   data	    bss	    dec	    hex	filename
  14212	     20	   1780	  16012	   3e8c	test_project.elf
Finished building: default.size.stdout
 
Finished building: test_project.list
 
16:10:22 **** Incremental Build of configuration Debug for project test_project ****
make -j8 all 
arm-none-eabi-gcc "../Core/Src/main.c" -mcpu=cortex-m4 -std=gnu11 -g3 -DDEBUG -DUSE_HAL_DRIVER -DSTM32L433xx -c -I../Core/Inc -I../Drivers/STM32L4xx_HAL_Driver/Inc -I../Drivers/STM32L4xx_HAL_Driver/Inc/Legacy -I../Drivers/CMSIS/Device/ST/STM32L4xx/Include -I../Drivers/CMSIS/Include -O0 -ffunction-sections -fdata-sections -Wall -fstack-usage -fcyclomatic-complexity -MMD -MP -MF"Core/Src/main.d" -MT"Core/Src/main.o" --specs=nano.specs -mfpu=fpv4-sp-d16 -mfloat-abi=hard -mthumb -o "Core/Src/main.o"
arm-none-eabi-gcc -o "test_project.elf" @"objects.list"   -mcpu=cortex-m4 -T"C:\Users\ARGE-PC1\STM32CubeIDE\workspace_1.12.1\test_project\STM32L433RCTXP_FLASH.ld" --specs=nosys.specs -Wl,-Map="test_project.map" -Wl,--gc-sections -static --specs=nano.specs -mfpu=fpv4-sp-d16 -mfloat-abi=hard -mthumb -Wl,--start-group -lc -lm -Wl,--end-group
Finished building target: test_project.elf
 
arm-none-eabi-size   test_project.elf 
arm-none-eabi-objdump -h -S  test_project.elf  > "test_project.list"
   text	   data	    bss	    dec	    hex	filename
  14212	     20	   1780	  16012	   3e8c	test_project.elf
Finished building: default.size.stdout
 
Finished building: test_project.list
 
16:10:48 **** Incremental Build of configuration Debug for project test_project ****
make -j8 all 
arm-none-eabi-size   test_project.elf 
   text	   data	    bss	    dec	    hex	filename
  14212	     20	   1780	  16012	   3e8c	test_project.elf
Finished building: default.size.stdout
 
16:12:13 **** Incremental Build of configuration Debug for project test_project ****
make -j8 all 
arm-none-eabi-gcc "../Core/Src/main.c" -mcpu=cortex-m4 -std=gnu11 -g3 -DDEBUG -DUSE_HAL_DRIVER -DSTM32L433xx -c -I../Core/Inc -I../Drivers/STM32L4xx_HAL_Driver/Inc -I../Drivers/STM32L4xx_HAL_Driver/Inc/Legacy -I../Drivers/CMSIS/Device/ST/STM32L4xx/Include -I../Drivers/CMSIS/Include -O0 -ffunction-sections -fdata-sections -Wall -fstack-usage -fcyclomatic-complexity -MMD -MP -MF"Core/Src/main.d" -MT"Core/Src/main.o" --specs=nano.specs -mfpu=fpv4-sp-d16 -mfloat-abi=hard -mthumb -o "Core/Src/main.o"
arm-none-eabi-gcc -o "test_project.elf" @"objects.list"   -mcpu=cortex-m4 -T"C:\Users\ARGE-PC1\STM32CubeIDE\workspace_1.12.1\test_project\STM32L433RCTXP_FLASH.ld" --specs=nosys.specs -Wl,-Map="test_project.map" -Wl,--gc-sections -static --specs=nano.specs -mfpu=fpv4-sp-d16 -mfloat-abi=hard -mthumb -Wl,--start-group -lc -lm -Wl,--end-group
Finished building target: test_project.elf
 
arm-none-eabi-size   test_project.elf 
arm-none-eabi-objdump -h -S  test_project.elf  > "test_project.list"
   text	   data	    bss	    dec	    hex	filename
  14240	     20	   1780	  16040	   3ea8	test_project.elf
Finished building: default.size.stdout
 
Finished building: test_project.list
 
08:32:08 **** Incremental Build of configuration Debug for project test_project ****
make -j8 all 
arm-none-eabi-gcc "../Core/Src/main.c" -mcpu=cortex-m4 -std=gnu11 -g3 -DDEBUG -DUSE_HAL_DRIVER -DSTM32L433xx -c -I../Core/Inc -I../Drivers/STM32L4xx_HAL_Driver/Inc -I../Drivers/STM32L4xx_HAL_Driver/Inc/Legacy -I../Drivers/CMSIS/Device/ST/STM32L4xx/Include -I../Drivers/CMSIS/Include -O0 -ffunction-sections -fdata-sections -Wall -fstack-usage -fcyclomatic-complexity -MMD -MP -MF"Core/Src/main.d" -MT"Core/Src/main.o" --specs=nano.specs -mfpu=fpv4-sp-d16 -mfloat-abi=hard -mthumb -o "Core/Src/main.o"
arm-none-eabi-gcc -o "test_project.elf" @"objects.list"   -mcpu=cortex-m4 -T"C:\Users\ARGE-PC1\STM32CubeIDE\workspace_1.12.1\test_project\STM32L433RCTXP_FLASH.ld" --specs=nosys.specs -Wl,-Map="test_project.map" -Wl,--gc-sections -static --specs=nano.specs -mfpu=fpv4-sp-d16 -mfloat-abi=hard -mthumb -Wl,--start-group -lc -lm -Wl,--end-group
Finished building target: test_project.elf
 
arm-none-eabi-size   test_project.elf 
arm-none-eabi-objdump -h -S  test_project.elf  > "test_project.list"
   text	   data	    bss	    dec	    hex	filename
  14240	     20	   1780	  16040	   3ea8	test_project.elf
Finished building: default.size.stdout
 
Finished building: test_project.list
 
