12:36:45 **** Incremental Build of configuration Debug for project sensorandclock ****
make -j8 all 
arm-none-eabi-size   sensorandclock.elf 
   text	   data	    bss	    dec	    hex	filename
  23320	    124	   1972	  25416	   6348	sensorandclock.elf
Finished building: default.size.stdout
 
12:37:08 **** Incremental Build of configuration Debug for project sensorandclock ****
make -j8 all 
arm-none-eabi-gcc "../Core/Src/main.c" -mcpu=cortex-m4 -std=gnu11 -g3 -DDEBUG -DUSE_HAL_DRIVER -DSTM32L433xx -c -I../Core/Inc -I../Drivers/STM32L4xx_HAL_Driver/Inc -I../Drivers/STM32L4xx_HAL_Driver/Inc/Legacy -I../Drivers/CMSIS/Device/ST/STM32L4xx/Include -I../Drivers/CMSIS/Include -O0 -ffunction-sections -fdata-sections -Wall -fstack-usage -fcyclomatic-complexity -MMD -MP -MF"Core/Src/main.d" -MT"Core/Src/main.o" --specs=nano.specs -mfpu=fpv4-sp-d16 -mfloat-abi=hard -mthumb -o "Core/Src/main.o"
arm-none-eabi-gcc -o "sensorandclock.elf" @"objects.list"   -mcpu=cortex-m4 -T"C:\Users\ARGE-PC1\STM32CubeIDE\workspace_1.12.1\sensorandclock\STM32L433RCTXP_FLASH.ld" --specs=nosys.specs -Wl,-Map="sensorandclock.map" -Wl,--gc-sections -static --specs=nano.specs -mfpu=fpv4-sp-d16 -mfloat-abi=hard -mthumb -Wl,--start-group -lc -lm -Wl,--end-group
Finished building target: sensorandclock.elf
 
arm-none-eabi-size   sensorandclock.elf 
arm-none-eabi-objdump -h -S  sensorandclock.elf  > "sensorandclock.list"
   text	   data	    bss	    dec	    hex	filename
  23320	    124	   1972	  25416	   6348	sensorandclock.elf
Finished building: default.size.stdout
 
Finished building: sensorandclock.list
 
12:37:37 **** Incremental Build of configuration Debug for project sensorandclock ****
make -j8 all 
arm-none-eabi-size   sensorandclock.elf 
   text	   data	    bss	    dec	    hex	filename
  23320	    124	   1972	  25416	   6348	sensorandclock.elf
Finished building: default.size.stdout
 
12:39:45 **** Incremental Build of configuration Debug for project sensorandclock ****
make -j8 all 
arm-none-eabi-size   sensorandclock.elf 
   text	   data	    bss	    dec	    hex	filename
  23320	    124	   1972	  25416	   6348	sensorandclock.elf
Finished building: default.size.stdout
 
12:40:50 **** Incremental Build of configuration Debug for project sensorandclock ****
make -j8 all 
arm-none-eabi-size   sensorandclock.elf 
   text	   data	    bss	    dec	    hex	filename
  23320	    124	   1972	  25416	   6348	sensorandclock.elf
Finished building: default.size.stdout
 
12:42:24 **** Incremental Build of configuration Debug for project sensorandclock ****
make -j8 all 
arm-none-eabi-gcc "../Core/Src/main.c" -mcpu=cortex-m4 -std=gnu11 -g3 -DDEBUG -DUSE_HAL_DRIVER -DSTM32L433xx -c -I../Core/Inc -I../Drivers/STM32L4xx_HAL_Driver/Inc -I../Drivers/STM32L4xx_HAL_Driver/Inc/Legacy -I../Drivers/CMSIS/Device/ST/STM32L4xx/Include -I../Drivers/CMSIS/Include -O0 -ffunction-sections -fdata-sections -Wall -fstack-usage -fcyclomatic-complexity -MMD -MP -MF"Core/Src/main.d" -MT"Core/Src/main.o" --specs=nano.specs -mfpu=fpv4-sp-d16 -mfloat-abi=hard -mthumb -o "Core/Src/main.o"
arm-none-eabi-gcc -o "sensorandclock.elf" @"objects.list"   -mcpu=cortex-m4 -T"C:\Users\ARGE-PC1\STM32CubeIDE\workspace_1.12.1\sensorandclock\STM32L433RCTXP_FLASH.ld" --specs=nosys.specs -Wl,-Map="sensorandclock.map" -Wl,--gc-sections -static --specs=nano.specs -mfpu=fpv4-sp-d16 -mfloat-abi=hard -mthumb -Wl,--start-group -lc -lm -Wl,--end-group
Finished building target: sensorandclock.elf
 
arm-none-eabi-size   sensorandclock.elf 
arm-none-eabi-objdump -h -S  sensorandclock.elf  > "sensorandclock.list"
   text	   data	    bss	    dec	    hex	filename
  23320	    124	   1972	  25416	   6348	sensorandclock.elf
Finished building: default.size.stdout
 
Finished building: sensorandclock.list
 
12:44:42 **** Incremental Build of configuration Debug for project sensorandclock ****
make -j8 all 
arm-none-eabi-gcc "../Core/Src/main.c" -mcpu=cortex-m4 -std=gnu11 -g3 -DDEBUG -DUSE_HAL_DRIVER -DSTM32L433xx -c -I../Core/Inc -I../Drivers/STM32L4xx_HAL_Driver/Inc -I../Drivers/STM32L4xx_HAL_Driver/Inc/Legacy -I../Drivers/CMSIS/Device/ST/STM32L4xx/Include -I../Drivers/CMSIS/Include -O0 -ffunction-sections -fdata-sections -Wall -fstack-usage -fcyclomatic-complexity -MMD -MP -MF"Core/Src/main.d" -MT"Core/Src/main.o" --specs=nano.specs -mfpu=fpv4-sp-d16 -mfloat-abi=hard -mthumb -o "Core/Src/main.o"
arm-none-eabi-gcc -o "sensorandclock.elf" @"objects.list"   -mcpu=cortex-m4 -T"C:\Users\ARGE-PC1\STM32CubeIDE\workspace_1.12.1\sensorandclock\STM32L433RCTXP_FLASH.ld" --specs=nosys.specs -Wl,-Map="sensorandclock.map" -Wl,--gc-sections -static --specs=nano.specs -mfpu=fpv4-sp-d16 -mfloat-abi=hard -mthumb -Wl,--start-group -lc -lm -Wl,--end-group
Finished building target: sensorandclock.elf
 
arm-none-eabi-size   sensorandclock.elf 
arm-none-eabi-objdump -h -S  sensorandclock.elf  > "sensorandclock.list"
   text	   data	    bss	    dec	    hex	filename
  23348	    124	   1972	  25444	   6364	sensorandclock.elf
Finished building: default.size.stdout
 
Finished building: sensorandclock.list
 
12:45:24 **** Incremental Build of configuration Debug for project sensorandclock ****
make -j8 all 
arm-none-eabi-gcc "../Core/Src/main.c" -mcpu=cortex-m4 -std=gnu11 -g3 -DDEBUG -DUSE_HAL_DRIVER -DSTM32L433xx -c -I../Core/Inc -I../Drivers/STM32L4xx_HAL_Driver/Inc -I../Drivers/STM32L4xx_HAL_Driver/Inc/Legacy -I../Drivers/CMSIS/Device/ST/STM32L4xx/Include -I../Drivers/CMSIS/Include -O0 -ffunction-sections -fdata-sections -Wall -fstack-usage -fcyclomatic-complexity -MMD -MP -MF"Core/Src/main.d" -MT"Core/Src/main.o" --specs=nano.specs -mfpu=fpv4-sp-d16 -mfloat-abi=hard -mthumb -o "Core/Src/main.o"
arm-none-eabi-gcc -o "sensorandclock.elf" @"objects.list"   -mcpu=cortex-m4 -T"C:\Users\ARGE-PC1\STM32CubeIDE\workspace_1.12.1\sensorandclock\STM32L433RCTXP_FLASH.ld" --specs=nosys.specs -Wl,-Map="sensorandclock.map" -Wl,--gc-sections -static --specs=nano.specs -mfpu=fpv4-sp-d16 -mfloat-abi=hard -mthumb -Wl,--start-group -lc -lm -Wl,--end-group
Finished building target: sensorandclock.elf
 
arm-none-eabi-size   sensorandclock.elf 
arm-none-eabi-objdump -h -S  sensorandclock.elf  > "sensorandclock.list"
   text	   data	    bss	    dec	    hex	filename
  23372	    124	   1972	  25468	   637c	sensorandclock.elf
Finished building: default.size.stdout
 
Finished building: sensorandclock.list
 
12:46:13 **** Incremental Build of configuration Debug for project sensorandclock ****
make -j8 all 
arm-none-eabi-gcc "../Core/Src/main.c" -mcpu=cortex-m4 -std=gnu11 -g3 -DDEBUG -DUSE_HAL_DRIVER -DSTM32L433xx -c -I../Core/Inc -I../Drivers/STM32L4xx_HAL_Driver/Inc -I../Drivers/STM32L4xx_HAL_Driver/Inc/Legacy -I../Drivers/CMSIS/Device/ST/STM32L4xx/Include -I../Drivers/CMSIS/Include -O0 -ffunction-sections -fdata-sections -Wall -fstack-usage -fcyclomatic-complexity -MMD -MP -MF"Core/Src/main.d" -MT"Core/Src/main.o" --specs=nano.specs -mfpu=fpv4-sp-d16 -mfloat-abi=hard -mthumb -o "Core/Src/main.o"
arm-none-eabi-gcc -o "sensorandclock.elf" @"objects.list"   -mcpu=cortex-m4 -T"C:\Users\ARGE-PC1\STM32CubeIDE\workspace_1.12.1\sensorandclock\STM32L433RCTXP_FLASH.ld" --specs=nosys.specs -Wl,-Map="sensorandclock.map" -Wl,--gc-sections -static --specs=nano.specs -mfpu=fpv4-sp-d16 -mfloat-abi=hard -mthumb -Wl,--start-group -lc -lm -Wl,--end-group
Finished building target: sensorandclock.elf
 
arm-none-eabi-size   sensorandclock.elf 
arm-none-eabi-objdump -h -S  sensorandclock.elf  > "sensorandclock.list"
   text	   data	    bss	    dec	    hex	filename
  23364	    124	   1972	  25460	   6374	sensorandclock.elf
Finished building: default.size.stdout
 
Finished building: sensorandclock.list
 
14:36:20 **** Incremental Build of configuration Debug for project sensorandclock ****
make -j8 all 
arm-none-eabi-gcc "../Core/Src/main.c" -mcpu=cortex-m4 -std=gnu11 -g3 -DDEBUG -DUSE_HAL_DRIVER -DSTM32L433xx -c -I../Core/Inc -I../Drivers/STM32L4xx_HAL_Driver/Inc -I../Drivers/STM32L4xx_HAL_Driver/Inc/Legacy -I../Drivers/CMSIS/Device/ST/STM32L4xx/Include -I../Drivers/CMSIS/Include -O0 -ffunction-sections -fdata-sections -Wall -fstack-usage -fcyclomatic-complexity -MMD -MP -MF"Core/Src/main.d" -MT"Core/Src/main.o" --specs=nano.specs -mfpu=fpv4-sp-d16 -mfloat-abi=hard -mthumb -o "Core/Src/main.o"
../Core/Src/main.c: In function 'main':
../Core/Src/main.c:314:8: error: invalid type argument of '->' (have 'TIM_HandleTypeDef')
  314 |   htim2->Instance->ARR = 1000 - 1;
      |        ^~
make: *** [Core/Src/subdir.mk:34: Core/Src/main.o] Error 1
"make -j8 all" terminated with exit code 2. Build might be incomplete.
14:36:45 **** Incremental Build of configuration Debug for project sensorandclock ****
make -j8 all 
arm-none-eabi-gcc "../Core/Src/main.c" -mcpu=cortex-m4 -std=gnu11 -g3 -DDEBUG -DUSE_HAL_DRIVER -DSTM32L433xx -c -I../Core/Inc -I../Drivers/STM32L4xx_HAL_Driver/Inc -I../Drivers/STM32L4xx_HAL_Driver/Inc/Legacy -I../Drivers/CMSIS/Device/ST/STM32L4xx/Include -I../Drivers/CMSIS/Include -O0 -ffunction-sections -fdata-sections -Wall -fstack-usage -fcyclomatic-complexity -MMD -MP -MF"Core/Src/main.d" -MT"Core/Src/main.o" --specs=nano.specs -mfpu=fpv4-sp-d16 -mfloat-abi=hard -mthumb -o "Core/Src/main.o"
arm-none-eabi-gcc -o "sensorandclock.elf" @"objects.list"   -mcpu=cortex-m4 -T"C:\Users\ARGE-PC1\STM32CubeIDE\workspace_1.12.1\sensorandclock\STM32L433RCTXP_FLASH.ld" --specs=nosys.specs -Wl,-Map="sensorandclock.map" -Wl,--gc-sections -static --specs=nano.specs -mfpu=fpv4-sp-d16 -mfloat-abi=hard -mthumb -Wl,--start-group -lc -lm -Wl,--end-group
Finished building target: sensorandclock.elf
 
arm-none-eabi-size   sensorandclock.elf 
arm-none-eabi-objdump -h -S  sensorandclock.elf  > "sensorandclock.list"
   text	   data	    bss	    dec	    hex	filename
  23444	    124	   1972	  25540	   63c4	sensorandclock.elf
Finished building: default.size.stdout
 
Finished building: sensorandclock.list
 
14:37:41 **** Incremental Build of configuration Debug for project sensorandclock ****
make -j8 all 
arm-none-eabi-gcc "../Core/Src/main.c" -mcpu=cortex-m4 -std=gnu11 -g3 -DDEBUG -DUSE_HAL_DRIVER -DSTM32L433xx -c -I../Core/Inc -I../Drivers/STM32L4xx_HAL_Driver/Inc -I../Drivers/STM32L4xx_HAL_Driver/Inc/Legacy -I../Drivers/CMSIS/Device/ST/STM32L4xx/Include -I../Drivers/CMSIS/Include -O0 -ffunction-sections -fdata-sections -Wall -fstack-usage -fcyclomatic-complexity -MMD -MP -MF"Core/Src/main.d" -MT"Core/Src/main.o" --specs=nano.specs -mfpu=fpv4-sp-d16 -mfloat-abi=hard -mthumb -o "Core/Src/main.o"
arm-none-eabi-gcc -o "sensorandclock.elf" @"objects.list"   -mcpu=cortex-m4 -T"C:\Users\ARGE-PC1\STM32CubeIDE\workspace_1.12.1\sensorandclock\STM32L433RCTXP_FLASH.ld" --specs=nosys.specs -Wl,-Map="sensorandclock.map" -Wl,--gc-sections -static --specs=nano.specs -mfpu=fpv4-sp-d16 -mfloat-abi=hard -mthumb -Wl,--start-group -lc -lm -Wl,--end-group
Finished building target: sensorandclock.elf
 
arm-none-eabi-size   sensorandclock.elf 
arm-none-eabi-objdump -h -S  sensorandclock.elf  > "sensorandclock.list"
   text	   data	    bss	    dec	    hex	filename
  23444	    124	   1972	  25540	   63c4	sensorandclock.elf
Finished building: default.size.stdout
 
Finished building: sensorandclock.list
 
14:38:15 **** Incremental Build of configuration Debug for project sensorandclock ****
make -j8 all 
arm-none-eabi-size   sensorandclock.elf 
   text	   data	    bss	    dec	    hex	filename
  23444	    124	   1972	  25540	   63c4	sensorandclock.elf
Finished building: default.size.stdout
 
