11:20:11 **** Incremental Build of configuration Debug for project digitalclock ****
make -j8 all 
arm-none-eabi-gcc "../Core/Src/main.c" -mcpu=cortex-m4 -std=gnu11 -g3 -DDEBUG -DUSE_HAL_DRIVER -DSTM32L433xx -c -I../Core/Inc -I../Drivers/STM32L4xx_HAL_Driver/Inc -I../Drivers/STM32L4xx_HAL_Driver/Inc/Legacy -I../Drivers/CMSIS/Device/ST/STM32L4xx/Include -I../Drivers/CMSIS/Include -O0 -ffunction-sections -fdata-sections -Wall -fstack-usage -fcyclomatic-complexity -MMD -MP -MF"Core/Src/main.d" -MT"Core/Src/main.o" --specs=nano.specs -mfpu=fpv4-sp-d16 -mfloat-abi=hard -mthumb -o "Core/Src/main.o"
arm-none-eabi-gcc -o "digitalclock.elf" @"objects.list"   -mcpu=cortex-m4 -T"C:\Users\ARGE-PC1\STM32CubeIDE\workspace_1.12.1\digitalclock\STM32L433RCTXP_FLASH.ld" --specs=nosys.specs -Wl,-Map="digitalclock.map" -Wl,--gc-sections -static --specs=nano.specs -mfpu=fpv4-sp-d16 -mfloat-abi=hard -mthumb -Wl,--start-group -lc -lm -Wl,--end-group
Finished building target: digitalclock.elf
 
arm-none-eabi-size   digitalclock.elf 
arm-none-eabi-objdump -h -S  digitalclock.elf  > "digitalclock.list"
   text	   data	    bss	    dec	    hex	filename
  17916	    124	   1908	  19948	   4dec	digitalclock.elf
Finished building: default.size.stdout
 
Finished building: digitalclock.list
 
11:21:21 **** Incremental Build of configuration Debug for project digitalclock ****
make -j8 all 
arm-none-eabi-size   digitalclock.elf 
   text	   data	    bss	    dec	    hex	filename
  17916	    124	   1908	  19948	   4dec	digitalclock.elf
Finished building: default.size.stdout
 
11:26:15 **** Incremental Build of configuration Debug for project digitalclock ****
make -j8 all 
arm-none-eabi-gcc "../Core/Src/main.c" -mcpu=cortex-m4 -std=gnu11 -g3 -DDEBUG -DUSE_HAL_DRIVER -DSTM32L433xx -c -I../Core/Inc -I../Drivers/STM32L4xx_HAL_Driver/Inc -I../Drivers/STM32L4xx_HAL_Driver/Inc/Legacy -I../Drivers/CMSIS/Device/ST/STM32L4xx/Include -I../Drivers/CMSIS/Include -O0 -ffunction-sections -fdata-sections -Wall -fstack-usage -fcyclomatic-complexity -MMD -MP -MF"Core/Src/main.d" -MT"Core/Src/main.o" --specs=nano.specs -mfpu=fpv4-sp-d16 -mfloat-abi=hard -mthumb -o "Core/Src/main.o"
arm-none-eabi-gcc -o "digitalclock.elf" @"objects.list"   -mcpu=cortex-m4 -T"C:\Users\ARGE-PC1\STM32CubeIDE\workspace_1.12.1\digitalclock\STM32L433RCTXP_FLASH.ld" --specs=nosys.specs -Wl,-Map="digitalclock.map" -Wl,--gc-sections -static --specs=nano.specs -mfpu=fpv4-sp-d16 -mfloat-abi=hard -mthumb -Wl,--start-group -lc -lm -Wl,--end-group
Finished building target: digitalclock.elf
 
arm-none-eabi-size   digitalclock.elf 
arm-none-eabi-objdump -h -S  digitalclock.elf  > "digitalclock.list"
   text	   data	    bss	    dec	    hex	filename
  17948	    124	   1908	  19980	   4e0c	digitalclock.elf
Finished building: default.size.stdout
 
Finished building: digitalclock.list
 
11:29:06 **** Incremental Build of configuration Debug for project digitalclock ****
make -j8 all 
arm-none-eabi-gcc "../Core/Src/main.c" -mcpu=cortex-m4 -std=gnu11 -g3 -DDEBUG -DUSE_HAL_DRIVER -DSTM32L433xx -c -I../Core/Inc -I../Drivers/STM32L4xx_HAL_Driver/Inc -I../Drivers/STM32L4xx_HAL_Driver/Inc/Legacy -I../Drivers/CMSIS/Device/ST/STM32L4xx/Include -I../Drivers/CMSIS/Include -O0 -ffunction-sections -fdata-sections -Wall -fstack-usage -fcyclomatic-complexity -MMD -MP -MF"Core/Src/main.d" -MT"Core/Src/main.o" --specs=nano.specs -mfpu=fpv4-sp-d16 -mfloat-abi=hard -mthumb -o "Core/Src/main.o"
arm-none-eabi-gcc -o "digitalclock.elf" @"objects.list"   -mcpu=cortex-m4 -T"C:\Users\ARGE-PC1\STM32CubeIDE\workspace_1.12.1\digitalclock\STM32L433RCTXP_FLASH.ld" --specs=nosys.specs -Wl,-Map="digitalclock.map" -Wl,--gc-sections -static --specs=nano.specs -mfpu=fpv4-sp-d16 -mfloat-abi=hard -mthumb -Wl,--start-group -lc -lm -Wl,--end-group
Finished building target: digitalclock.elf
 
arm-none-eabi-size   digitalclock.elf 
arm-none-eabi-objdump -h -S  digitalclock.elf  > "digitalclock.list"
   text	   data	    bss	    dec	    hex	filename
  17960	    124	   1908	  19992	   4e18	digitalclock.elf
Finished building: default.size.stdout
 
Finished building: digitalclock.list
 
11:30:53 **** Incremental Build of configuration Debug for project digitalclock ****
make -j8 all 
arm-none-eabi-gcc "../Core/Src/main.c" -mcpu=cortex-m4 -std=gnu11 -g3 -DDEBUG -DUSE_HAL_DRIVER -DSTM32L433xx -c -I../Core/Inc -I../Drivers/STM32L4xx_HAL_Driver/Inc -I../Drivers/STM32L4xx_HAL_Driver/Inc/Legacy -I../Drivers/CMSIS/Device/ST/STM32L4xx/Include -I../Drivers/CMSIS/Include -O0 -ffunction-sections -fdata-sections -Wall -fstack-usage -fcyclomatic-complexity -MMD -MP -MF"Core/Src/main.d" -MT"Core/Src/main.o" --specs=nano.specs -mfpu=fpv4-sp-d16 -mfloat-abi=hard -mthumb -o "Core/Src/main.o"
arm-none-eabi-gcc -o "digitalclock.elf" @"objects.list"   -mcpu=cortex-m4 -T"C:\Users\ARGE-PC1\STM32CubeIDE\workspace_1.12.1\digitalclock\STM32L433RCTXP_FLASH.ld" --specs=nosys.specs -Wl,-Map="digitalclock.map" -Wl,--gc-sections -static --specs=nano.specs -mfpu=fpv4-sp-d16 -mfloat-abi=hard -mthumb -Wl,--start-group -lc -lm -Wl,--end-group
Finished building target: digitalclock.elf
 
arm-none-eabi-size   digitalclock.elf 
arm-none-eabi-objdump -h -S  digitalclock.elf  > "digitalclock.list"
   text	   data	    bss	    dec	    hex	filename
  17972	    124	   1908	  20004	   4e24	digitalclock.elf
Finished building: default.size.stdout
 
Finished building: digitalclock.list
 
11:31:18 **** Incremental Build of configuration Debug for project digitalclock ****
make -j8 all 
arm-none-eabi-gcc "../Core/Src/main.c" -mcpu=cortex-m4 -std=gnu11 -g3 -DDEBUG -DUSE_HAL_DRIVER -DSTM32L433xx -c -I../Core/Inc -I../Drivers/STM32L4xx_HAL_Driver/Inc -I../Drivers/STM32L4xx_HAL_Driver/Inc/Legacy -I../Drivers/CMSIS/Device/ST/STM32L4xx/Include -I../Drivers/CMSIS/Include -O0 -ffunction-sections -fdata-sections -Wall -fstack-usage -fcyclomatic-complexity -MMD -MP -MF"Core/Src/main.d" -MT"Core/Src/main.o" --specs=nano.specs -mfpu=fpv4-sp-d16 -mfloat-abi=hard -mthumb -o "Core/Src/main.o"
arm-none-eabi-gcc -o "digitalclock.elf" @"objects.list"   -mcpu=cortex-m4 -T"C:\Users\ARGE-PC1\STM32CubeIDE\workspace_1.12.1\digitalclock\STM32L433RCTXP_FLASH.ld" --specs=nosys.specs -Wl,-Map="digitalclock.map" -Wl,--gc-sections -static --specs=nano.specs -mfpu=fpv4-sp-d16 -mfloat-abi=hard -mthumb -Wl,--start-group -lc -lm -Wl,--end-group
Finished building target: digitalclock.elf
 
arm-none-eabi-size   digitalclock.elf 
arm-none-eabi-objdump -h -S  digitalclock.elf  > "digitalclock.list"
   text	   data	    bss	    dec	    hex	filename
  17972	    124	   1908	  20004	   4e24	digitalclock.elf
Finished building: default.size.stdout
 
Finished building: digitalclock.list
 
11:35:00 **** Incremental Build of configuration Debug for project digitalclock ****
make -j8 all 
arm-none-eabi-gcc "../Core/Src/main.c" -mcpu=cortex-m4 -std=gnu11 -g3 -DDEBUG -DUSE_HAL_DRIVER -DSTM32L433xx -c -I../Core/Inc -I../Drivers/STM32L4xx_HAL_Driver/Inc -I../Drivers/STM32L4xx_HAL_Driver/Inc/Legacy -I../Drivers/CMSIS/Device/ST/STM32L4xx/Include -I../Drivers/CMSIS/Include -O0 -ffunction-sections -fdata-sections -Wall -fstack-usage -fcyclomatic-complexity -MMD -MP -MF"Core/Src/main.d" -MT"Core/Src/main.o" --specs=nano.specs -mfpu=fpv4-sp-d16 -mfloat-abi=hard -mthumb -o "Core/Src/main.o"
arm-none-eabi-gcc -o "digitalclock.elf" @"objects.list"   -mcpu=cortex-m4 -T"C:\Users\ARGE-PC1\STM32CubeIDE\workspace_1.12.1\digitalclock\STM32L433RCTXP_FLASH.ld" --specs=nosys.specs -Wl,-Map="digitalclock.map" -Wl,--gc-sections -static --specs=nano.specs -mfpu=fpv4-sp-d16 -mfloat-abi=hard -mthumb -Wl,--start-group -lc -lm -Wl,--end-group
Finished building target: digitalclock.elf
 
arm-none-eabi-size   digitalclock.elf 
arm-none-eabi-objdump -h -S  digitalclock.elf  > "digitalclock.list"
   text	   data	    bss	    dec	    hex	filename
  17960	    124	   1908	  19992	   4e18	digitalclock.elf
Finished building: default.size.stdout
 
Finished building: digitalclock.list
 
11:37:20 **** Incremental Build of configuration Debug for project digitalclock ****
make -j8 all 
arm-none-eabi-gcc "../Core/Src/main.c" -mcpu=cortex-m4 -std=gnu11 -g3 -DDEBUG -DUSE_HAL_DRIVER -DSTM32L433xx -c -I../Core/Inc -I../Drivers/STM32L4xx_HAL_Driver/Inc -I../Drivers/STM32L4xx_HAL_Driver/Inc/Legacy -I../Drivers/CMSIS/Device/ST/STM32L4xx/Include -I../Drivers/CMSIS/Include -O0 -ffunction-sections -fdata-sections -Wall -fstack-usage -fcyclomatic-complexity -MMD -MP -MF"Core/Src/main.d" -MT"Core/Src/main.o" --specs=nano.specs -mfpu=fpv4-sp-d16 -mfloat-abi=hard -mthumb -o "Core/Src/main.o"
arm-none-eabi-gcc -o "digitalclock.elf" @"objects.list"   -mcpu=cortex-m4 -T"C:\Users\ARGE-PC1\STM32CubeIDE\workspace_1.12.1\digitalclock\STM32L433RCTXP_FLASH.ld" --specs=nosys.specs -Wl,-Map="digitalclock.map" -Wl,--gc-sections -static --specs=nano.specs -mfpu=fpv4-sp-d16 -mfloat-abi=hard -mthumb -Wl,--start-group -lc -lm -Wl,--end-group
Finished building target: digitalclock.elf
 
arm-none-eabi-size   digitalclock.elf 
arm-none-eabi-objdump -h -S  digitalclock.elf  > "digitalclock.list"
   text	   data	    bss	    dec	    hex	filename
  17976	    124	   1908	  20008	   4e28	digitalclock.elf
Finished building: default.size.stdout
 
Finished building: digitalclock.list
 
11:39:01 **** Incremental Build of configuration Debug for project digitalclock ****
make -j8 all 
arm-none-eabi-gcc "../Core/Src/main.c" -mcpu=cortex-m4 -std=gnu11 -g3 -DDEBUG -DUSE_HAL_DRIVER -DSTM32L433xx -c -I../Core/Inc -I../Drivers/STM32L4xx_HAL_Driver/Inc -I../Drivers/STM32L4xx_HAL_Driver/Inc/Legacy -I../Drivers/CMSIS/Device/ST/STM32L4xx/Include -I../Drivers/CMSIS/Include -O0 -ffunction-sections -fdata-sections -Wall -fstack-usage -fcyclomatic-complexity -MMD -MP -MF"Core/Src/main.d" -MT"Core/Src/main.o" --specs=nano.specs -mfpu=fpv4-sp-d16 -mfloat-abi=hard -mthumb -o "Core/Src/main.o"
arm-none-eabi-gcc -o "digitalclock.elf" @"objects.list"   -mcpu=cortex-m4 -T"C:\Users\ARGE-PC1\STM32CubeIDE\workspace_1.12.1\digitalclock\STM32L433RCTXP_FLASH.ld" --specs=nosys.specs -Wl,-Map="digitalclock.map" -Wl,--gc-sections -static --specs=nano.specs -mfpu=fpv4-sp-d16 -mfloat-abi=hard -mthumb -Wl,--start-group -lc -lm -Wl,--end-group
Finished building target: digitalclock.elf
 
arm-none-eabi-size   digitalclock.elf 
arm-none-eabi-objdump -h -S  digitalclock.elf  > "digitalclock.list"
   text	   data	    bss	    dec	    hex	filename
  18008	    124	   1908	  20040	   4e48	digitalclock.elf
Finished building: default.size.stdout
 
Finished building: digitalclock.list
 
11:41:02 **** Incremental Build of configuration Debug for project digitalclock ****
make -j8 all 
arm-none-eabi-gcc "../Core/Src/main.c" -mcpu=cortex-m4 -std=gnu11 -g3 -DDEBUG -DUSE_HAL_DRIVER -DSTM32L433xx -c -I../Core/Inc -I../Drivers/STM32L4xx_HAL_Driver/Inc -I../Drivers/STM32L4xx_HAL_Driver/Inc/Legacy -I../Drivers/CMSIS/Device/ST/STM32L4xx/Include -I../Drivers/CMSIS/Include -O0 -ffunction-sections -fdata-sections -Wall -fstack-usage -fcyclomatic-complexity -MMD -MP -MF"Core/Src/main.d" -MT"Core/Src/main.o" --specs=nano.specs -mfpu=fpv4-sp-d16 -mfloat-abi=hard -mthumb -o "Core/Src/main.o"
arm-none-eabi-gcc -o "digitalclock.elf" @"objects.list"   -mcpu=cortex-m4 -T"C:\Users\ARGE-PC1\STM32CubeIDE\workspace_1.12.1\digitalclock\STM32L433RCTXP_FLASH.ld" --specs=nosys.specs -Wl,-Map="digitalclock.map" -Wl,--gc-sections -static --specs=nano.specs -mfpu=fpv4-sp-d16 -mfloat-abi=hard -mthumb -Wl,--start-group -lc -lm -Wl,--end-group
Finished building target: digitalclock.elf
 
arm-none-eabi-size   digitalclock.elf 
arm-none-eabi-objdump -h -S  digitalclock.elf  > "digitalclock.list"
   text	   data	    bss	    dec	    hex	filename
  18048	    124	   1908	  20080	   4e70	digitalclock.elf
Finished building: default.size.stdout
 
Finished building: digitalclock.list
 
