15:30:33 **** Incremental Build of configuration Debug for project digitalclock ****
make -j8 all 
arm-none-eabi-gcc "../Core/Src/main.c" -mcpu=cortex-m4 -std=gnu11 -g3 -DDEBUG -DUSE_HAL_DRIVER -DSTM32L433xx -c -I../Core/Inc -I../Drivers/STM32L4xx_HAL_Driver/Inc -I../Drivers/STM32L4xx_HAL_Driver/Inc/Legacy -I../Drivers/CMSIS/Device/ST/STM32L4xx/Include -I../Drivers/CMSIS/Include -O0 -ffunction-sections -fdata-sections -Wall -fstack-usage -fcyclomatic-complexity -MMD -MP -MF"Core/Src/main.d" -MT"Core/Src/main.o" --specs=nano.specs -mfpu=fpv4-sp-d16 -mfloat-abi=hard -mthumb -o "Core/Src/main.o"
arm-none-eabi-gcc -o "digitalclock.elf" @"objects.list"   -mcpu=cortex-m4 -T"C:\Users\ARGE-PC1\STM32CubeIDE\workspace_1.12.1\digitalclock\STM32L433RCTXP_FLASH.ld" --specs=nosys.specs -Wl,-Map="digitalclock.map" -Wl,--gc-sections -static --specs=nano.specs -mfpu=fpv4-sp-d16 -mfloat-abi=hard -mthumb -Wl,--start-group -lc -lm -Wl,--end-group
Finished building target: digitalclock.elf
 
arm-none-eabi-size   digitalclock.elf 
arm-none-eabi-objdump -h -S  digitalclock.elf  > "digitalclock.list"
   text	   data	    bss	    dec	    hex	filename
  17648	    124	   1908	  19680	   4ce0	digitalclock.elf
Finished building: default.size.stdout
 
Finished building: digitalclock.list
 
15:30:36 **** Incremental Build of configuration Debug for project digitalclock ****
make -j8 all 
arm-none-eabi-size   digitalclock.elf 
   text	   data	    bss	    dec	    hex	filename
  17648	    124	   1908	  19680	   4ce0	digitalclock.elf
Finished building: default.size.stdout
 
15:38:31 **** Incremental Build of configuration Debug for project digitalclock ****
make -j8 all 
arm-none-eabi-gcc "../Core/Src/main.c" -mcpu=cortex-m4 -std=gnu11 -g3 -DDEBUG -DUSE_HAL_DRIVER -DSTM32L433xx -c -I../Core/Inc -I../Drivers/STM32L4xx_HAL_Driver/Inc -I../Drivers/STM32L4xx_HAL_Driver/Inc/Legacy -I../Drivers/CMSIS/Device/ST/STM32L4xx/Include -I../Drivers/CMSIS/Include -O0 -ffunction-sections -fdata-sections -Wall -fstack-usage -fcyclomatic-complexity -MMD -MP -MF"Core/Src/main.d" -MT"Core/Src/main.o" --specs=nano.specs -mfpu=fpv4-sp-d16 -mfloat-abi=hard -mthumb -o "Core/Src/main.o"
arm-none-eabi-gcc -o "digitalclock.elf" @"objects.list"   -mcpu=cortex-m4 -T"C:\Users\ARGE-PC1\STM32CubeIDE\workspace_1.12.1\digitalclock\STM32L433RCTXP_FLASH.ld" --specs=nosys.specs -Wl,-Map="digitalclock.map" -Wl,--gc-sections -static --specs=nano.specs -mfpu=fpv4-sp-d16 -mfloat-abi=hard -mthumb -Wl,--start-group -lc -lm -Wl,--end-group
Finished building target: digitalclock.elf
 
arm-none-eabi-size   digitalclock.elf 
arm-none-eabi-objdump -h -S  digitalclock.elf  > "digitalclock.list"
   text	   data	    bss	    dec	    hex	filename
  17668	    124	   1908	  19700	   4cf4	digitalclock.elf
Finished building: default.size.stdout
 
Finished building: digitalclock.list
 
15:41:40 **** Incremental Build of configuration Debug for project digitalclock ****
make -j8 all 
arm-none-eabi-gcc "../Core/Src/main.c" -mcpu=cortex-m4 -std=gnu11 -g3 -DDEBUG -DUSE_HAL_DRIVER -DSTM32L433xx -c -I../Core/Inc -I../Drivers/STM32L4xx_HAL_Driver/Inc -I../Drivers/STM32L4xx_HAL_Driver/Inc/Legacy -I../Drivers/CMSIS/Device/ST/STM32L4xx/Include -I../Drivers/CMSIS/Include -O0 -ffunction-sections -fdata-sections -Wall -fstack-usage -fcyclomatic-complexity -MMD -MP -MF"Core/Src/main.d" -MT"Core/Src/main.o" --specs=nano.specs -mfpu=fpv4-sp-d16 -mfloat-abi=hard -mthumb -o "Core/Src/main.o"
arm-none-eabi-gcc -o "digitalclock.elf" @"objects.list"   -mcpu=cortex-m4 -T"C:\Users\ARGE-PC1\STM32CubeIDE\workspace_1.12.1\digitalclock\STM32L433RCTXP_FLASH.ld" --specs=nosys.specs -Wl,-Map="digitalclock.map" -Wl,--gc-sections -static --specs=nano.specs -mfpu=fpv4-sp-d16 -mfloat-abi=hard -mthumb -Wl,--start-group -lc -lm -Wl,--end-group
Finished building target: digitalclock.elf
 
arm-none-eabi-size   digitalclock.elf 
arm-none-eabi-objdump -h -S  digitalclock.elf  > "digitalclock.list"
   text	   data	    bss	    dec	    hex	filename
  17704	    124	   1908	  19736	   4d18	digitalclock.elf
Finished building: default.size.stdout
 
Finished building: digitalclock.list
 
15:44:00 **** Incremental Build of configuration Debug for project digitalclock ****
make -j8 all 
arm-none-eabi-size   digitalclock.elf 
   text	   data	    bss	    dec	    hex	filename
  17704	    124	   1908	  19736	   4d18	digitalclock.elf
Finished building: default.size.stdout
 
15:47:27 **** Incremental Build of configuration Debug for project digitalclock ****
make -j8 all 
arm-none-eabi-gcc "../Core/Src/main.c" -mcpu=cortex-m4 -std=gnu11 -g3 -DDEBUG -DUSE_HAL_DRIVER -DSTM32L433xx -c -I../Core/Inc -I../Drivers/STM32L4xx_HAL_Driver/Inc -I../Drivers/STM32L4xx_HAL_Driver/Inc/Legacy -I../Drivers/CMSIS/Device/ST/STM32L4xx/Include -I../Drivers/CMSIS/Include -O0 -ffunction-sections -fdata-sections -Wall -fstack-usage -fcyclomatic-complexity -MMD -MP -MF"Core/Src/main.d" -MT"Core/Src/main.o" --specs=nano.specs -mfpu=fpv4-sp-d16 -mfloat-abi=hard -mthumb -o "Core/Src/main.o"
arm-none-eabi-gcc -o "digitalclock.elf" @"objects.list"   -mcpu=cortex-m4 -T"C:\Users\ARGE-PC1\STM32CubeIDE\workspace_1.12.1\digitalclock\STM32L433RCTXP_FLASH.ld" --specs=nosys.specs -Wl,-Map="digitalclock.map" -Wl,--gc-sections -static --specs=nano.specs -mfpu=fpv4-sp-d16 -mfloat-abi=hard -mthumb -Wl,--start-group -lc -lm -Wl,--end-group
Finished building target: digitalclock.elf
 
arm-none-eabi-size   digitalclock.elf 
arm-none-eabi-objdump -h -S  digitalclock.elf  > "digitalclock.list"
   text	   data	    bss	    dec	    hex	filename
  17652	    124	   1908	  19684	   4ce4	digitalclock.elf
Finished building: default.size.stdout
 
Finished building: digitalclock.list
 
15:48:49 **** Incremental Build of configuration Debug for project digitalclock ****
make -j8 all 
arm-none-eabi-gcc "../Core/Src/main.c" -mcpu=cortex-m4 -std=gnu11 -g3 -DDEBUG -DUSE_HAL_DRIVER -DSTM32L433xx -c -I../Core/Inc -I../Drivers/STM32L4xx_HAL_Driver/Inc -I../Drivers/STM32L4xx_HAL_Driver/Inc/Legacy -I../Drivers/CMSIS/Device/ST/STM32L4xx/Include -I../Drivers/CMSIS/Include -O0 -ffunction-sections -fdata-sections -Wall -fstack-usage -fcyclomatic-complexity -MMD -MP -MF"Core/Src/main.d" -MT"Core/Src/main.o" --specs=nano.specs -mfpu=fpv4-sp-d16 -mfloat-abi=hard -mthumb -o "Core/Src/main.o"
arm-none-eabi-gcc -o "digitalclock.elf" @"objects.list"   -mcpu=cortex-m4 -T"C:\Users\ARGE-PC1\STM32CubeIDE\workspace_1.12.1\digitalclock\STM32L433RCTXP_FLASH.ld" --specs=nosys.specs -Wl,-Map="digitalclock.map" -Wl,--gc-sections -static --specs=nano.specs -mfpu=fpv4-sp-d16 -mfloat-abi=hard -mthumb -Wl,--start-group -lc -lm -Wl,--end-group
Finished building target: digitalclock.elf
 
arm-none-eabi-size   digitalclock.elf 
arm-none-eabi-objdump -h -S  digitalclock.elf  > "digitalclock.list"
   text	   data	    bss	    dec	    hex	filename
  17544	    124	   1908	  19576	   4c78	digitalclock.elf
Finished building: default.size.stdout
 
Finished building: digitalclock.list
 
15:50:30 **** Incremental Build of configuration Debug for project digitalclock ****
make -j8 all 
arm-none-eabi-gcc "../Core/Src/main.c" -mcpu=cortex-m4 -std=gnu11 -g3 -DDEBUG -DUSE_HAL_DRIVER -DSTM32L433xx -c -I../Core/Inc -I../Drivers/STM32L4xx_HAL_Driver/Inc -I../Drivers/STM32L4xx_HAL_Driver/Inc/Legacy -I../Drivers/CMSIS/Device/ST/STM32L4xx/Include -I../Drivers/CMSIS/Include -O0 -ffunction-sections -fdata-sections -Wall -fstack-usage -fcyclomatic-complexity -MMD -MP -MF"Core/Src/main.d" -MT"Core/Src/main.o" --specs=nano.specs -mfpu=fpv4-sp-d16 -mfloat-abi=hard -mthumb -o "Core/Src/main.o"
arm-none-eabi-gcc -o "digitalclock.elf" @"objects.list"   -mcpu=cortex-m4 -T"C:\Users\ARGE-PC1\STM32CubeIDE\workspace_1.12.1\digitalclock\STM32L433RCTXP_FLASH.ld" --specs=nosys.specs -Wl,-Map="digitalclock.map" -Wl,--gc-sections -static --specs=nano.specs -mfpu=fpv4-sp-d16 -mfloat-abi=hard -mthumb -Wl,--start-group -lc -lm -Wl,--end-group
Finished building target: digitalclock.elf
 
arm-none-eabi-size   digitalclock.elf 
arm-none-eabi-objdump -h -S  digitalclock.elf  > "digitalclock.list"
   text	   data	    bss	    dec	    hex	filename
  17540	    124	   1908	  19572	   4c74	digitalclock.elf
Finished building: default.size.stdout
 
Finished building: digitalclock.list
 
16:10:16 **** Incremental Build of configuration Debug for project digitalclock ****
make -j8 all 
arm-none-eabi-size   digitalclock.elf 
   text	   data	    bss	    dec	    hex	filename
  17540	    124	   1908	  19572	   4c74	digitalclock.elf
Finished building: default.size.stdout
 
