10:07:56 **** Incremental Build of configuration Debug for project I2Cheatsensor ****
make -j8 all 
arm-none-eabi-gcc "../Core/Src/main.c" -mcpu=cortex-m4 -std=gnu11 -g3 -DDEBUG -DUSE_HAL_DRIVER -DSTM32L433xx -c -I../Core/Inc -I../Drivers/STM32L4xx_HAL_Driver/Inc -I../Drivers/STM32L4xx_HAL_Driver/Inc/Legacy -I../Drivers/CMSIS/Device/ST/STM32L4xx/Include -I../Drivers/CMSIS/Include -O0 -ffunction-sections -fdata-sections -Wall -fstack-usage -fcyclomatic-complexity -MMD -MP -MF"Core/Src/main.d" -MT"Core/Src/main.o" --specs=nano.specs -mfpu=fpv4-sp-d16 -mfloat-abi=hard -mthumb -o "Core/Src/main.o"
arm-none-eabi-gcc -o "I2Cheatsensor.elf" @"objects.list"   -mcpu=cortex-m4 -T"C:\Users\ARGE-PC1\STM32CubeIDE\workspace_1.12.1\I2Cheatsensor\STM32L433RCTXP_FLASH.ld" --specs=nosys.specs -Wl,-Map="I2Cheatsensor.map" -Wl,--gc-sections -static --specs=nano.specs -mfpu=fpv4-sp-d16 -mfloat-abi=hard -mthumb -Wl,--start-group -lc -lm -Wl,--end-group
Finished building target: I2Cheatsensor.elf
 
arm-none-eabi-size   I2Cheatsensor.elf 
arm-none-eabi-objdump -h -S  I2Cheatsensor.elf  > "I2Cheatsensor.list"
   text	   data	    bss	    dec	    hex	filename
  19340	    120	   1808	  21268	   5314	I2Cheatsensor.elf
Finished building: default.size.stdout
 
Finished building: I2Cheatsensor.list
 

10:07:57 Build Finished. 0 errors, 0 warnings. (took 1s.47ms)

