14:00:40 **** Incremental Build of configuration Debug for project ledprojesi ****
make -j8 all 
arm-none-eabi-gcc "../Core/Src/main.c" -mcpu=cortex-m4 -std=gnu11 -g3 -DDEBUG -DUSE_HAL_DRIVER -DSTM32L433xx -c -I../Core/Inc -I../Drivers/STM32L4xx_HAL_Driver/Inc -I../Drivers/STM32L4xx_HAL_Driver/Inc/Legacy -I../Drivers/CMSIS/Device/ST/STM32L4xx/Include -I../Drivers/CMSIS/Include -O0 -ffunction-sections -fdata-sections -Wall -fstack-usage -fcyclomatic-complexity -MMD -MP -MF"Core/Src/main.d" -MT"Core/Src/main.o" --specs=nano.specs -mfpu=fpv4-sp-d16 -mfloat-abi=hard -mthumb -o "Core/Src/main.o"
arm-none-eabi-gcc -o "ledprojesi.elf" @"objects.list"   -mcpu=cortex-m4 -T"C:\Users\ARGE-PC1\STM32CubeIDE\workspace_1.12.1\ledprojesi\STM32L433RCTXP_FLASH.ld" --specs=nosys.specs -Wl,-Map="ledprojesi.map" -Wl,--gc-sections -static --specs=nano.specs -mfpu=fpv4-sp-d16 -mfloat-abi=hard -mthumb -Wl,--start-group -lc -lm -Wl,--end-group
Finished building target: ledprojesi.elf
 
arm-none-eabi-size   ledprojesi.elf 
arm-none-eabi-objdump -h -S  ledprojesi.elf  > "ledprojesi.list"
   text	   data	    bss	    dec	    hex	filename
  12880	     20	   1780	  14680	   3958	ledprojesi.elf
Finished building: default.size.stdout
 
Finished building: ledprojesi.list
 

14:00:41 Build Finished. 0 errors, 0 warnings. (took 856ms)

