13:10:20 **** Incremental Build of configuration Debug for project test_project ****
make -j8 all 
arm-none-eabi-gcc "../Core/Src/main.c" -mcpu=cortex-m4 -std=gnu11 -g3 -DDEBUG -DUSE_HAL_DRIVER -DSTM32L433xx -c -I../Core/Inc -I../Drivers/STM32L4xx_HAL_Driver/Inc -I../Drivers/STM32L4xx_HAL_Driver/Inc/Legacy -I../Drivers/CMSIS/Device/ST/STM32L4xx/Include -I../Drivers/CMSIS/Include -O0 -ffunction-sections -fdata-sections -Wall -fstack-usage -fcyclomatic-complexity -MMD -MP -MF"Core/Src/main.d" -MT"Core/Src/main.o" --specs=nano.specs -mfpu=fpv4-sp-d16 -mfloat-abi=hard -mthumb -o "Core/Src/main.o"
arm-none-eabi-gcc -o "test_project.elf" @"objects.list"   -mcpu=cortex-m4 -T"C:\Users\ARGE-PC1\STM32CubeIDE\workspace_1.12.1\test_project\STM32L433RCTXP_FLASH.ld" --specs=nosys.specs -Wl,-Map="test_project.map" -Wl,--gc-sections -static --specs=nano.specs -mfpu=fpv4-sp-d16 -mfloat-abi=hard -mthumb -Wl,--start-group -lc -lm -Wl,--end-group
Finished building target: test_project.elf
 
arm-none-eabi-size   test_project.elf 
arm-none-eabi-objdump -h -S  test_project.elf  > "test_project.list"
   text	   data	    bss	    dec	    hex	filename
  14348	     20	   1788	  16156	   3f1c	test_project.elf
Finished building: default.size.stdout
 
Finished building: test_project.list
 

13:10:21 Build Finished. 0 errors, 0 warnings. (took 942ms)

