10:28:00 **** Incremental Build of configuration Debug for project testproject ****
make -j8 all 
arm-none-eabi-gcc "../Core/Src/main.c" -mcpu=cortex-m4 -std=gnu11 -g3 -DDEBUG -DUSE_HAL_DRIVER -DSTM32L433xx -c -I../Core/Inc -I../Drivers/STM32L4xx_HAL_Driver/Inc -I../Drivers/STM32L4xx_HAL_Driver/Inc/Legacy -I../Drivers/CMSIS/Device/ST/STM32L4xx/Include -I../Drivers/CMSIS/Include -O0 -ffunction-sections -fdata-sections -Wall -fstack-usage -fcyclomatic-complexity -MMD -MP -MF"Core/Src/main.d" -MT"Core/Src/main.o" --specs=nano.specs -mfpu=fpv4-sp-d16 -mfloat-abi=hard -mthumb -o "Core/Src/main.o"
arm-none-eabi-gcc -o "testproject.elf" @"objects.list"   -mcpu=cortex-m4 -T"C:\Users\ARGE-PC1\STM32CubeIDE\workspace_1.12.1\testproject\STM32L433RCTXP_FLASH.ld" --specs=nosys.specs -Wl,-Map="testproject.map" -Wl,--gc-sections -static --specs=nano.specs -mfpu=fpv4-sp-d16 -mfloat-abi=hard -mthumb -Wl,--start-group -lc -lm -Wl,--end-group
Finished building target: testproject.elf
 
arm-none-eabi-size   testproject.elf 
arm-none-eabi-objdump -h -S  testproject.elf  > "testproject.list"
   text	   data	    bss	    dec	    hex	filename
  14320	    120	   1720	  16160	   3f20	testproject.elf
Finished building: default.size.stdout
 
Finished building: testproject.list
 

10:28:01 Build Finished. 0 errors, 0 warnings. (took 859ms)

